bun test v1.4.2 (744846f84)

packages/application/test/graph-tournament.test.ts:
4 | import { createHash } from "node:crypto";
5 | import { readFile, readdir, lstat, realpath } from "node:fs/promises";
6 | import { resolve, join, sep } from "node:path";
7 | import { pathToFileURL } from "node:url";
8 | const digest = bytes => createHash("sha256").update(bytes).digest("hex");
9 | const insist = (ok, message) => { if (!ok) throw new Error(message); };
                                                         ^
error: Unsupported graph export index
      at insist ([checkout]/examples/evidence/read-bundle.mjs:9:54)
      at inspectGraph ([checkout]/examples/evidence/read-bundle.mjs:75:5)
      at async exportContainedGraph ([checkout]/packages/application/src/graph.ts:467:11)
      at async prepareGraphDelivery ([checkout]/packages/application/src/graph.ts:206:15)
      at async dispatch ([checkout]/packages/application/src/graph.ts:311:51)
      at async advanceLocked ([checkout]/packages/scheduler/src/contained.ts:467:47)
      at async locked ([checkout]/packages/workflow/src/storage.ts:211:22)
(fail) a persuasive but wrong candidate is disqualified by a validated challenge; the survivor tie is broken by tree id and delivered [17422.50ms]
 8 | import { measureControllerEnvironment } from "./discovery";
 9 | import { loadExistingCredentials } from "./credentials";
10 | import { assertContainedDisplayVisuals } from "@wringer/workflow";
11 | 
12 | export async function readControllerFile(path: string): Promise<any> {
13 |     const info = await lstat(path);
                            ^
ENOENT: no such file or directory, lstat '[tmp]/wringer-tournament-adapter-VZ1XON/graph/children/pick/tournament.json'
    path: "[tmp]/wringer-tournament-adapter-VZ1XON/graph/children/pick/tournament.json",
 syscall: "lstat",
   errno: -2,
    code: "ENOENT"

      at async readControllerFile ([checkout]/packages/application/src/controller.ts:13:24)
      at async <anonymous> ([checkout]/packages/application/test/graph-tournament.test.ts:144:21)
(fail) a branch that stops arrives disqualified and the graph still selects among the rest [6989.43ms]
 8 | import { measureControllerEnvironment } from "./discovery";
 9 | import { loadExistingCredentials } from "./credentials";
10 | import { assertContainedDisplayVisuals } from "@wringer/workflow";
11 | 
12 | export async function readControllerFile(path: string): Promise<any> {
13 |     const info = await lstat(path);
                            ^
ENOENT: no such file or directory, lstat '[tmp]/wringer-tournament-adapter-duRBcH/graph/children/pick/tournament.json'
    path: "[tmp]/wringer-tournament-adapter-duRBcH/graph/children/pick/tournament.json",
 syscall: "lstat",
   errno: -2,
    code: "ENOENT"

      at async readControllerFile ([checkout]/packages/application/src/controller.ts:13:24)
      at async <anonymous> ([checkout]/packages/application/test/graph-tournament.test.ts:160:21)
(fail) the final evaluator is recorded after the selection and never changes it [6881.00ms]
39 |     for (const [branch, body] of Object.entries(options.branches)) patches[branch] = await patch(bodies[body]);
40 |     // A trusted control on its own branch, carried by the root bundle beside the base.
41 |     await git(["-C", repo, "checkout", "-q", "-b", "reference"]); await writeFile(join(repo, "src/total.sh"), `#!/bin/sh\n${bodies.arith}\n`); await git(["-C", repo, "commit", "-qam", "Trusted reference"]);
42 |     const control = await git(["-C", repo, "rev-parse", "HEAD"]); await git(["-C", repo, "checkout", "-q", "main"]);
43 |     const bundle = join(root, "source.bundle"); await git(["-C", repo, "bundle", "create", bundle, "main", "reference"]);
44 |     const artifact = async (path: string, content: string) => { const scratch = join(root, `artifact-${crypto.randomUUID()}`); await git(["init", "-q", scratch]); await mkdir(join(scratch, "wringer"), { recursive: true }); await writeFile(join(scratch, path), content); await git(["-C", scratch, "add", "-A"]); return await git(["-C", scratch, "diff", "--cached", "--binary", "--full-index"]) + "\n"; };
                                                                                                                                                                                                                                          ^
ENOENT: no such file or directory, open '[tmp]/wringer-tournament-adapter-52txFX/artifact-abc4f804-3aae-40ce-9edb-6e12da142a23/src/total.sh'
    path: "[tmp]/wringer-tournament-adapter-52txFX/artifact-abc4f804-3aae-40ce-9edb-6e12da142a23/src/total.sh",
 syscall: "open",
   errno: -2,
    code: "ENOENT"

      at async <anonymous> ([checkout]/packages/application/test/graph-tournament.test.ts:44:230)
      at async <anonymous> ([checkout]/packages/application/test/graph-tournament.test.ts:168:195)
      at async fixture ([checkout]/packages/application/test/graph-tournament.test.ts:45:65)
      at async <anonymous> ([checkout]/packages/application/test/graph-tournament.test.ts:168:21)
(fail) a prosecutor that edits anything but its challenge file makes the tournament unavailable [2650.78ms]

 6 pass
 4 fail
 40 expect() calls
Ran 10 tests across 1 file. [151.79s]
