bun test v1.4.2 (744846f84)

packages/scheduler/test/contained-parallel.test.ts:
124 |     }
125 |     await expect(readContainedGraph(f.dir)).rejects.toThrow();
126 | });
127 | test('every graph event of a parallel graph uses the version 2 event record', async () => {
128 |     const f = await fixture(), state = await advanceContainedGraph(f.dir, f.driver, { now });
129 |     expect(new Set(state.events.map(e => e.schema_version))).toEqual(new Set(['wringer.contained-graph-event.v2']));
                                                                   ^
error: expect(received).toEqual(expected)

  Set {
-   "wringer.contained-graph-event.v2",
+   "wringer.contained-graph-event.v1",
  }

- Expected  - 1
+ Received  + 1

      at <anonymous> ([isolated-checkout]/packages/scheduler/test/contained-parallel.test.ts:129:62)
(fail) every graph event of a parallel graph uses the version 2 event record [67.85ms]

 0 pass
 15 filtered out
 1 fail
 4 expect() calls
Ran 1 test across 1 file. [211.00ms]
