bun test v1.4.2 (744846f84)

packages/scheduler/test/contained-parallel.test.ts:
23 | const MAX_EVENT_BYTES = 1024 * 1024, MAX_EVENTS = 4096, MAX_PLAN_BYTES = 8 * 1024 * 1024, MAX_AUTHORITY_BYTES = 64 * 1024;
24 | const KINDS: GraphEventKind[] = ['start', 'reserve', 'dispatch', 'prepared', 'send', 'result', 'decision', 'route'];
25 | const SUCCESS: Record<ContainedGraphNode['kind'], string> = { loop: 'ready', check: 'passed', 'human-hold': 'continued', delivery: 'delivered', router: 'routed', fork: 'forked', join: 'integrated' };
26 | const HEX64 = /^[a-f0-9]{64}$/, OBJECT_ID = /^(?:[a-f0-9]{40}|[a-f0-9]{64})$/;
27 | 
28 | function fail(message: string): never { throw new Error(message); }
                                                       ^
error: split cannot arrive at join merge from outside its branches
      at fail ([isolated-checkout]/packages/scheduler/src/contained.ts:28:51)
      at apply ([isolated-checkout]/packages/scheduler/src/contained.ts:275:59)
      at prepare ([isolated-checkout]/packages/scheduler/src/contained.ts:352:5)
      at append ([isolated-checkout]/packages/scheduler/src/contained.ts:363:165)
      at advanceLocked ([isolated-checkout]/packages/scheduler/src/contained.ts:430:43)
      at async locked ([isolated-checkout]/packages/workflow/src/storage.ts:211:22)
(fail) branches run concurrently up to the ceiling and the join receives every exact branch candidate in declared order [32.78ms]

 0 pass
 15 filtered out
 1 fail
Ran 1 test across 1 file. [170.00ms]
