bun test v1.4.2 (744846f84)

packages/scheduler/test/contained-parallel.test.ts:
23 | const MAX_EVENT_BYTES = 1024 * 1024, MAX_EVENTS = 4096, MAX_PLAN_BYTES = 8 * 1024 * 1024, MAX_AUTHORITY_BYTES = 64 * 1024;
24 | const KINDS: GraphEventKind[] = ['start', 'reserve', 'dispatch', 'prepared', 'send', 'result', 'decision', 'route'];
25 | const SUCCESS: Record<ContainedGraphNode['kind'], string> = { loop: 'ready', check: 'passed', 'human-hold': 'continued', delivery: 'delivered', router: 'routed', fork: 'forked', join: 'integrated' };
26 | const HEX64 = /^[a-f0-9]{64}$/, OBJECT_ID = /^(?:[a-f0-9]{40}|[a-f0-9]{64})$/;
27 | 
28 | function fail(message: string): never { throw new Error(message); }
                                                       ^
error: Join merge has no candidate from branch build-b
      at fail ([isolated-checkout]/packages/scheduler/src/contained.ts:28:51)
      at <anonymous> ([isolated-checkout]/packages/scheduler/src/contained.ts:118:49)
      at map (1:11)
      at expectedInput ([isolated-checkout]/packages/scheduler/src/contained.ts:115:40)
      at expectedReservation ([isolated-checkout]/packages/scheduler/src/contained.ts:131:81)
      at advanceLocked ([isolated-checkout]/packages/scheduler/src/contained.ts:429:103)
      at async locked ([isolated-checkout]/packages/workflow/src/storage.ts:211:22)
(fail) a branch that cannot finish leaves the join unreserved [54.48ms]

 0 pass
 15 filtered out
 1 fail
 2 expect() calls
Ran 1 test across 1 file. [187.00ms]
