bun test v1.4.2 (744846f84)

packages/application/test/graph-delegate.test.ts:
120 | }, 240000);
121 | test("malformed artifacts are unavailable with a named reason and no candidate", async () => {
122 |     const cases: [PeerOptions & { body?: string; patchFile?: string }, string][] = [[{ mode: "no-artifact" }, "exactly one patch"], [{ mode: "two-artifacts" }, "exactly one patch"], [{ mode: "wrong-type" }, "text/x-diff"], [{ mode: "not-a-patch" }, "not a bounded Git patch"], [{ patchFile: "check.sh", body: "exit 0" }, "outside the delegate's writable scope"]];
123 |     for (const [options, reason] of cases) {
124 |         const f = await fixture(options), state = await advanceContainedGraph(f.graphDir, f.driver), record = await delegation(f.graphDir);
125 |         expect({ reason: record.reason.includes(reason), outcome: record.outcome, candidate: record.candidate }).toEqual({ reason: true, outcome: "unavailable", candidate: null });
                                                                                                                       ^
error: expect(received).toEqual(expected)

@@ -3,3 +3,3 @@
    "outcome": "unavailable",
-   "reason": true,
+   "reason": false,
  }

- Expected  - 1
+ Received  + 1

      at <anonymous> ([isolated-checkout]/packages/application/test/graph-delegate.test.ts:125:114)
(fail) malformed artifacts are unavailable with a named reason and no candidate [10402.40ms]

 0 pass
 7 filtered out
 1 fail
 7 expect() calls
Ran 1 test across 1 file. [10.57s]
