bun test v1.4.2 (744846f84)

packages/scheduler/test/contained-delegate.test.ts:
29 | 
30 | test('a returned candidate is owned by the delegate and reaches only its check first', async () => {
31 |     const f = await fixture(returned), state = await advanceContainedGraph(f.dir, f.driver, { now });
32 |     expect(state.phase).toBe('human-hold'); expect(state.active).toEqual(['review']);
33 |     expect(f.inputs.get('verify').candidate.owner).toBe('ask'); expect(f.calls).toEqual(['ask', 'verify']);
34 |     expect(new Set(state.events.map(event => event.schema_version))).toEqual(new Set(['wringer.contained-graph-event.v4']));
                                                                          ^
error: expect(received).toEqual(expected)

  Set {
-   "wringer.contained-graph-event.v4",
+   "wringer.contained-graph-event.v1",
  }

- Expected  - 1
+ Received  + 1

      at <anonymous> ([isolated-checkout]/packages/scheduler/test/contained-delegate.test.ts:34:70)
(fail) a returned candidate is owned by the delegate and reaches only its check first [39.37ms]

 0 pass
 3 filtered out
 1 fail
 5 expect() calls
Ran 1 test across 1 file. [174.00ms]
