✔ the mirror writes the local byte format, repeats idempotently and refuses a divergent event (254.356458ms)
✔ the mirror refuses another graph, a relative path and a symlinked event directory (219.122167ms)
✔ the screen refuses credentials this host holds and credential shapes (1.382583ms)
✔ serial: identical recorded inputs and clock give byte-identical records on both backends (3616.176375ms)
✔ parallel: identical recorded inputs and clock give byte-identical records on both backends (2162.612792ms)
✔ tournament: identical recorded inputs and clock give byte-identical records on both backends (2453.230333ms)
✔ delegate: identical recorded inputs and clock give byte-identical records on both backends (1694.366084ms)
✔ rejected: identical recorded inputs and clock give byte-identical records on both backends (1290.492917ms)
✔ check-fails: identical recorded inputs and clock give byte-identical records on both backends (1107.761625ms)
✔ serial: on Temporal's clock every decision, reservation and outcome matches the local backend (1901.960042ms)
✔ tournament: on Temporal's clock every decision, reservation and outcome matches the local backend (2459.819042ms)
✔ worker loss during a dispatch: never dispatched again; the late outcome is observed (23059.994666ms)
✔ timeout: a dispatch that stops heartbeating is timed out, never retried, and its late outcome is observed (11142.922708ms)
✔ cancellation stops the effect and leaves it uncertain; a new workflow from the directory only observes (8450.301125ms)
✔ holds: duplicate, stale, forged and credential-bearing decisions record nothing extra (1348.244125ms)
✔ a second controller on the same directory stops the workflow at the first divergent event (1572.380708ms)
✔ a refused preflight through the real CLI leaves the node reserved, never dispatched (1667.3975ms)
✔ a child hold reason carrying a credential this worker holds is refused, never reported (1377.049792ms)
✔ a tampered plan or grant in the workflow input is refused before any effect (1062.084167ms)
✔ equals node:crypto on boundary lengths, bytes and text (38.681292ms)
✔ refuses anything but sha256 to hex (0.274708ms)
✔ every retained history replays against the current workflow code (2293.518083ms)
[2m2026-09-30T21:04:07.432797Z[0m [33m WARN[0m [2mtemporalio_sdk_core::worker::workflow[0m[2m:[0m Failing workflow task [3mrun_id[0m[2m=[0m01a0f3a3-f2da-7812-8fbf-0a9a2f96a880 [3mfailure[0m[2m=[0mFailure { failure: Some(Failure { message: "[TMPRL1100] Nondeterminism error: Activity machine does not handle this event: HistoryEvent(id: 152, TimerStarted)", source: "", stack_trace: "", encoded_attributes: None, cause: None, failure_info: Some(ApplicationFailureInfo(ApplicationFailureInfo { r#type: "", non_retryable: false, details: None, next_retry_delay: None, category: Unspecified })) }), force_cause: NonDeterministicError }
[2m2026-09-30T21:04:07.554810Z[0m [33m WARN[0m [2mtemporalio_sdk_core::worker::workflow[0m[2m:[0m Failing workflow task [3mrun_id[0m[2m=[0m01a0f3a3-ed22-786c-b0c6-a093b82c012a [3mfailure[0m[2m=[0mFailure { failure: Some(Failure { message: "[TMPRL1100] Nondeterminism error: Activity machine does not handle this event: HistoryEvent(id: 11, TimerStarted)", source: "", stack_trace: "", encoded_attributes: None, cause: None, failure_info: Some(ApplicationFailureInfo(ApplicationFailureInfo { r#type: "", non_retryable: false, details: None, next_retry_delay: None, category: Unspecified })) }), force_cause: NonDeterministicError }
[2m2026-09-30T21:04:07.649335Z[0m [33m WARN[0m [2mtemporalio_sdk_core::worker::workflow[0m[2m:[0m Failing workflow task [3mrun_id[0m[2m=[0m01a0f3a3-fb44-7ae5-8dd6-b2fce042df10 [3mfailure[0m[2m=[0mFailure { failure: Some(Failure { message: "[TMPRL1100] Nondeterminism error: Activity machine does not handle this event: HistoryEvent(id: 11, TimerStarted)", source: "", stack_trace: "", encoded_attributes: None, cause: None, failure_info: Some(ApplicationFailureInfo(ApplicationFailureInfo { r#type: "", non_retryable: false, details: None, next_retry_delay: None, category: Unspecified })) }), force_cause: NonDeterministicError }
✔ an unguarded change to the workflow commands is caught by replay; the same change under patched() is not (669.882208ms)
✔ a workflow held at a decision continues on upgraded, patched workflow code (1983.349125ms)
✔ a history the local backend advanced to a hold continues on Temporal, byte-identical to a local run (1941.111166ms)
✔ continue-as-new carries the retained history into a new run without repeating work (4980.663292ms)
ℹ tests 26
ℹ suites 0
ℹ pass 26
ℹ fail 0
ℹ cancelled 0
ℹ skipped 0
ℹ todo 0
ℹ duration_ms 79666.340083
