✖ the mirror writes the local byte format, repeats idempotently and refuses a divergent event (242.080209ms)
ℹ tests 1
ℹ suites 0
ℹ pass 0
ℹ fail 1
ℹ cancelled 0
ℹ skipped 0
ℹ todo 0
ℹ duration_ms 451.719542

✖ failing tests:

test at adapters/temporal/test/activities.test.mjs:15:1
✖ the mirror writes the local byte format, repeats idempotently and refuses a divergent event (242.080209ms)
  AssertionError [ERR_ASSERTION]: Missing expected rejection.
      at async TestContext.<anonymous> (file://[isolated-checkout]/adapters/temporal/test/activities.test.mjs:20:5)
      at async Test.run (node:internal/test_runner/test:1389:7)
      at async startSubtestAfterBootstrap (node:internal/test_runner/harness:387:3) {
    generatedMessage: false,
    code: 'ERR_ASSERTION',
    actual: undefined,
    operator: 'rejects',
    diff: 'simple'
  }
