bun test v1.4.2 (744846f84)

packages/application/test/graph-tournament.test.ts:
145 |     expect((await assessment(f.graphDir)).candidates.map((row: any) => row.outcome)).toEqual(["failed", "failed", "failed"]);
146 | }, 240000);
147 | test("a spurious challenge fails the trusted control and disqualifies nobody; a declared no-winner tie holds", async () => {
148 |     const f = await fixture({ branches: { "build-a": "arith", "build-b": "hardcoded", "build-c": "awk" }, challenges: [wrongExpectation, grid], tie: "no-winner" }), state = await advanceContainedGraph(f.graphDir, f.driver);
149 |     const t = await record(f.graphDir);
150 |     expect(t.challenges.map((row: any) => [row.id, row.validation])).toEqual([["wrong-expectation", "spurious"], ["grid", "valid"]]);
                                                                           ^
error: expect(received).toEqual(expected)

@@ -3,3 +3,3 @@
      "wrong-expectation",
-     "spurious",
+     "valid",
    ],

- Expected  - 1
+ Received  + 1

      at <anonymous> ([isolated-checkout]/packages/application/test/graph-tournament.test.ts:150:70)
(fail) a spurious challenge fails the trusted control and disqualifies nobody; a declared no-winner tie holds [19000.76ms]

 0 pass
 10 filtered out
 1 fail
 1 expect() calls
Ran 1 test across 1 file. [19.20s]
