bun test v1.4.2 (744846f84)

packages/application/test/graph-tournament.test.ts:
148 |     const f = await fixture({ branches: { "build-a": "arith", "build-b": "hardcoded", "build-c": "awk" }, challenges: [wrongExpectation, grid], tie: "no-winner" }), state = await advanceContainedGraph(f.graphDir, f.driver);
149 |     const t = await record(f.graphDir);
150 |     expect(t.challenges.map((row: any) => [row.id, row.validation])).toEqual([["wrong-expectation", "spurious"], ["grid", "valid"]]);
151 |     expect(t.runs.every((row: any) => row.results.every((result: any) => result.challenge === "grid"))).toBe(true);
152 |     expect(f.commands.some(row => row.startsWith("challenge/wrong-expectation") && !row.endsWith(f.control.slice(0, 7)))).toBe(false);
153 |     expect(t.selection).toMatchObject({ outcome: "no-winner", survivors: expect.arrayContaining(["build-a", "build-c"]) }); expect(t.selection.reason).toContain("tie");
                              ^
error: expect(received).toMatchObject(expected)

  {
-   "outcome": "no-winner",
-   "survivors": ExpectArrayContaining {},
+   "outcome": "selected",
+   "reason": "2 candidates survived and tie; tree-order selected the smallest tree id, which is arbitrary but independent of branch order",
+   "selected": "build-a",
+   "survivors": [
+     "build-a",
+     "build-c",
+   ],
+   "tie": "no-winner",
  }

- Expected  - 2
+ Received  + 8

      at <anonymous> ([isolated-checkout]/packages/application/test/graph-tournament.test.ts:153:25)
(fail) a spurious challenge fails the trusted control and disqualifies nobody; a declared no-winner tie holds [19099.35ms]

 0 pass
 10 filtered out
 1 fail
 4 expect() calls
Ran 1 test across 1 file. [19.30s]
