bun test v1.4.2 (744846f84)

packages/scheduler/test/contained-tournament.test.ts:
23 | const MAX_EVENT_BYTES = 1024 * 1024, MAX_EVENTS = 4096, MAX_PLAN_BYTES = 8 * 1024 * 1024, MAX_AUTHORITY_BYTES = 64 * 1024;
24 | const KINDS: GraphEventKind[] = ['start', 'reserve', 'dispatch', 'prepared', 'send', 'result', 'decision', 'route'];
25 | const SUCCESS: Record<ContainedGraphNode['kind'], string> = { loop: 'ready', check: 'passed', 'human-hold': 'continued', delivery: 'delivered', router: 'routed', fork: 'forked', join: 'integrated', tournament: 'selected' };
26 | const HEX64 = /^[a-f0-9]{64}$/, OBJECT_ID = /^(?:[a-f0-9]{40}|[a-f0-9]{64})$/;
27 | 
28 | function fail(message: string): never { throw new Error(message); }
                                                       ^
error: Tournament pick has no arrival from branch build-a
      at fail ([isolated-checkout]/packages/scheduler/src/contained.ts:28:51)
      at <anonymous> ([isolated-checkout]/packages/scheduler/src/contained.ts:126:38)
      at map (1:11)
      at expectedInput ([isolated-checkout]/packages/scheduler/src/contained.ts:123:40)
      at expectedReservation ([isolated-checkout]/packages/scheduler/src/contained.ts:152:81)
      at advanceLocked ([isolated-checkout]/packages/scheduler/src/contained.ts:452:103)
      at async locked ([isolated-checkout]/packages/workflow/src/storage.ts:211:22)
(fail) every branch arrives at the tournament, a stopped one included, in declared order [54.04ms]

 0 pass
 7 filtered out
 1 fail
Ran 1 test across 1 file. [196.00ms]
