✖ holds: duplicate, stale, forged and credential-bearing decisions record nothing extra (2923.019458ms)
ℹ tests 1
ℹ suites 0
ℹ pass 0
ℹ fail 1
ℹ cancelled 0
ℹ skipped 0
ℹ todo 0
ℹ duration_ms 4177.166542

✖ failing tests:

test at adapters/temporal/test/failure-modes.test.mjs:101:1
✖ holds: duplicate, stale, forged and credential-bearing decisions record nothing extra (2923.019458ms)
  AssertionError [ERR_ASSERTION]: Missing expected rejection.
      at process.processTicksAndRejections (node:internal/process/task_queues:104:5)
      at async TestContext.<anonymous> (file://[isolated-checkout]/adapters/temporal/test/failure-modes.test.mjs:115:9)
      at async Test.run (node:internal/test_runner/test:1389:7)
      at async startSubtestAfterBootstrap (node:internal/test_runner/harness:387:3) {
    generatedMessage: false,
    code: 'ERR_ASSERTION',
    actual: undefined,
    operator: 'rejects',
    diff: 'simple'
  }
