✖ a child hold reason carrying a credential this worker holds is refused, never reported (32914.497375ms)
ℹ tests 1
ℹ suites 0
ℹ pass 0
ℹ fail 1
ℹ cancelled 0
ℹ skipped 0
ℹ todo 0
ℹ duration_ms 33102.372875

✖ failing tests:

test at adapters/temporal/test/failure-modes.test.mjs:161:1
✖ a child hold reason carrying a credential this worker holds is refused, never reported (32914.497375ms)
  AssertionError [ERR_ASSERTION]: The validation function is expected to return "true". Received false
  
  Caught error:
  
  Error: the workflow did not end
      at async TestContext.<anonymous> (file://[isolated-checkout]/adapters/temporal/test/failure-modes.test.mjs:168:9)
      at async Test.run (node:internal/test_runner/test:1389:7)
      at async startSubtestAfterBootstrap (node:internal/test_runner/harness:387:3) {
    generatedMessage: true,
    code: 'ERR_ASSERTION',
    actual: Error: the workflow did not end
        at Timeout._onTimeout (file://[isolated-checkout]/adapters/temporal/test/failure-modes.test.mjs:23:131)
        at listOnTimeout (node:internal/timers:635:17)
        at process.processTimers (node:internal/timers:571:7),
    operator: 'rejects',
    diff: 'simple'
  }
