bun test v1.4.2 (744846f84)

packages/scheduler/test/contained-durability.test.ts:
 5 | import type { ExecutionPlan, RepositoryRef } from './types';
 6 | 
 7 | export * from './graph-shape';
 8 | import { checkGraphAuthority, checkGraphDigest, closesFork, graphCandidateOwner, graphEdges, graphInput, graphOutcomes, graphRegions, graphReservation, graphVersion, PROSECUTOR_ARTIFACT, type ContainedGraphNode, type ContainedGraphPlan, type GraphAuthority, type GraphBudget, type GraphGate, type GraphPeer, type GraphProsecutor, type GraphPublication } from './graph-shape';
 9 | const SINKS = ['done', 'fail'];
10 | function fail(message: string): never { throw new Error(message); }
                                                       ^
error: Graph contains a detected credential
      at fail ([isolated-checkout]/packages/plan/src/graph.ts:10:51)
      at compileContainedGraph ([isolated-checkout]/packages/plan/src/graph.ts:270:101)
      at validateGraphAuthority ([isolated-checkout]/packages/plan/src/graph.ts:286:18)
      at load ([isolated-checkout]/packages/scheduler/src/contained-kernel.ts:381:31)
      at async readJournaledGraph ([isolated-checkout]/packages/scheduler/src/contained-kernel.ts:446:26)
(fail) a retained plan and grant read the same when the reading host holds a matching value [31.47ms]

 0 pass
 4 filtered out
 1 fail
Ran 1 test across 1 file. [178.00ms]
