bun test v1.4.2 (744846f84)

packages/plan/test/contained-graph.test.ts:
77 |     expect(graph.validateGraphAuthority(authority, plan, at)).toEqual(authority);
78 |     expect(() => graph.validateContainedGraph({ ...plan, id: "changed" })).toThrow("digest");
79 |     // Forgeries are re-signed: the self-computed digest alone proves nothing about binding.
80 |     const resign = (value: any) => { const { sha256, ...body } = value; return { ...body, sha256: hashValue(body) }; };
81 |     expect(() => graph.validateGraphAuthority({ ...authority, actor: "Someone else" }, plan, at)).toThrow("digest");
82 |     expect(() => graph.validateGraphAuthority(resign({ ...authority, graphSha256: "e".repeat(64) }), plan, at)).toThrow("bound");
                                                                                                                     ^
error: expect(received).toThrow(expected)

Expected substring: "bound"

Received function did not throw
Received value: {
  schema_version: "wringer.contained-graph-authority.v1",
  graphSha256: "eeeeeeeeeeeeeeeeeeeeeeeeeeeeeeeeeeeeeeeeeeeeeeeeeeeeeeeeeeeeeeee",
  repository: {
    url: "https://github.com/OWNER/REPOSITORY.git",
    commit: "0000000000000000000000000000000000000000",
  },
  actor: "Scripted graph fixture",
  grantedAt: "2026-09-29T12:00:00.000Z",
  expiresAt: "2026-09-29T13:00:00Z",
  budget: {
    maxRoleSessions: 8,
    maxVerificationAttempts: 10,
    wallClockSeconds: 600,
  },
  maySend: false,
  sha256: "0d4373fea67813567eefd32019325805c97dbc7720e017e7f15a73389c05a27a",
}

      at <anonymous> ([isolated-checkout]/packages/plan/test/contained-graph.test.ts:82:113)
(fail) graph binds its complete immutable contract and finite execution grant [16.41ms]

 0 pass
 30 filtered out
 1 fail
 5 expect() calls
Ran 1 test across 1 file. [149.00ms]
