bun test v1.4.2 (744846f84)

packages/application/test/improvements.test.ts:
55 |         const revised = await service.call(capability.token, "wringer.revise_proposal", revisionRequest);
56 |         expect(revised.outcome).toBe("awaiting-approval");
57 |         expect((await service.inspectProposal(String(revised.jobId))).plan?.playbook?.adoption?.sha256).toBe(receipt.sha256);
58 |         const { schema_version: schema, plan_sha256: planHash, intent_sha256: intentHash, acceptance_sha256: acceptHash, ...data } = profile;
59 |         const changed = compileDeclaration({ version: 3, ...data, repository: { ...profile.repository, commit: "f".repeat(40) } });
60 |         expect((await futureImprovementTemplate(controller, changed)).plan).toEqual(changed);
                                                                                 ^
error: expect(received).toEqual(expected)

@@ -115,11 +115,33 @@
    "loop": {
      "repeatCandidate": "stop",
      "repeatedOutcomeWarning": 3,
    },
    "name": "A bounded total",
-   "plan_sha256": "327f29ac406624e3d735db12856822799eee6c2a418079143660c3adeac94bbd",
+   "plan_sha256": "385f642caa3c9cb56cb9e288da857fe54b7121f2ffa509d1888ae0ad3160b87b",
+   "playbook": {
+     "adoption": {
+       "action": "promote",
+       "actor": "Synthetic selection fixture",
+       "appliesTo": "future-plans-only",
+       "at": "2026-09-29T15:20:19.383Z",
+       "evidenceRevision": "bbbbbbbbbbbbbbbbbbbbbbbbbbbbbbbbbbbbbbbbbbbbbbbbbbbbbbbbbbbbbbbb",
+       "executionApproved": false,
+       "experimentSha256": "bd7ad2d5248d98458a29cb0af76a7daa78b0ebea0b0069ae93abcedd0bcc6e16",
+       "note": "Tests future-template wiring only, not eligibility",
+       "previousDigest": null,
+       "previousRevision": "0000000000000000000000000000000000000000000000000000000000000000",
+       "repository": "https://github.com/OWNER/REPOSITORY.git",
+       "schema_version": "wringer.playbook-adoption.v1",
+       "selectedDigest": "aaaaaaaaaaaaaaaaaaaaaaaaaaaaaaaaaaaaaaaaaaaaaaaaaaaaaaaaaaaaaaaa",
+       "sha256": "a0ccc79aee83387e3534d57d556eca8ccd995da612336682f8c9c609566e6295",
+       "taskFamily": "reports",
+     },
+     "path": "guide.json",
+     "sha256": "aaaaaaaaaaaaaaaaaaaaaaaaaaaaaaaaaaaaaaaaaaaaaaaaaaaaaaaaaaaaaaaa",
+     "taskFamily": "reports",
+   },
    "repository": {
      "commit": "ffffffffffffffffffffffffffffffffffffffff",
      "url": "https://github.com/OWNER/REPOSITORY.git",
    },
    "runtime": {

- Expected  - 1
+ Received  + 23

      at <anonymous> ([isolated-checkout]/packages/application/test/improvements.test.ts:60:77)
(fail) adoption changes only a future unapproved template; stale source and evidence downgrade cannot inherit it [320.14ms]

 0 pass
 1 fail
 14 expect() calls
Ran 1 test across 1 file. [487.00ms]
