bun test v1.4.2 (744846f84)

packages/application/test/improvements.test.ts:
73 |         for (const task of reused.tasks) for (const arm of ["baseline", "candidate"] as const) {
74 |             const { schema_version, plan_sha256, intent_sha256, acceptance_sha256, ...body } = task[arm];
75 |             task[arm] = compileDeclaration({ version: 3, ...body, repository: changed.repository });
76 |         }
77 |         await registerExperiment(reusedDirectory, reused);
78 |         expect((await futureImprovementTemplate(controller, changed)).plan).toEqual(changed);
                                                                                 ^
error: expect(received).toEqual(expected)

@@ -115,11 +115,33 @@
    "loop": {
      "repeatCandidate": "stop",
      "repeatedOutcomeWarning": 3,
    },
    "name": "A bounded total",
-   "plan_sha256": "327f29ac406624e3d735db12856822799eee6c2a418079143660c3adeac94bbd",
+   "plan_sha256": "1dcd5bcd39ce26b184113b36a0d33ff590822bda6cfe6b5e4b042a9de4296641",
+   "playbook": {
+     "adoption": {
+       "action": "promote",
+       "actor": "Synthetic selection fixture",
+       "appliesTo": "future-plans-only",
+       "at": "2026-09-29T15:20:06.228Z",
+       "evidenceRevision": "bbbbbbbbbbbbbbbbbbbbbbbbbbbbbbbbbbbbbbbbbbbbbbbbbbbbbbbbbbbbbbbb",
+       "executionApproved": false,
+       "experimentSha256": "bd7ad2d5248d98458a29cb0af76a7daa78b0ebea0b0069ae93abcedd0bcc6e16",
+       "note": "Tests future-template wiring only, not eligibility",
+       "previousDigest": null,
+       "previousRevision": "0000000000000000000000000000000000000000000000000000000000000000",
+       "repository": "https://github.com/OWNER/REPOSITORY.git",
+       "schema_version": "wringer.playbook-adoption.v1",
+       "selectedDigest": "aaaaaaaaaaaaaaaaaaaaaaaaaaaaaaaaaaaaaaaaaaaaaaaaaaaaaaaaaaaaaaaa",
+       "sha256": "c46c2ab5a19cc64ef2e31f37f08b28bb577c340394640a3256eb0560bf829aa4",
+       "taskFamily": "reports",
+     },
+     "path": "guide.json",
+     "sha256": "aaaaaaaaaaaaaaaaaaaaaaaaaaaaaaaaaaaaaaaaaaaaaaaaaaaaaaaaaaaaaaaa",
+     "taskFamily": "reports",
+   },
    "repository": {
      "commit": "ffffffffffffffffffffffffffffffffffffffff",
      "url": "https://github.com/OWNER/REPOSITORY.git",
    },
    "runtime": {

- Expected  - 1
+ Received  + 23

      at <anonymous> ([isolated-checkout]/packages/application/test/improvements.test.ts:78:77)
(fail) adoption changes only a future unapproved template; stale source and evidence downgrade cannot inherit it [436.71ms]

 0 pass
 1 fail
 19 expect() calls
Ran 1 test across 1 file. [603.00ms]
