bun test v1.4.2 (744846f84)

packages/application/test/improvements.test.ts:
63 |             { agents: { ...profile.agents, worker: { ...profile.agents.worker, args: [...(profile.agents.worker.args ?? []), "--fixture-model-change"] } } },
64 |             { environment: { ...profile.environment, context: [...profile.environment.context, "OTHER.md"] } },
65 |             { acceptance: { ...profile.acceptance, checks: profile.acceptance.checks.map(check => ({ ...check, argv: [...check.argv, "--fixture-check-change"] })) } }
66 |         ]) {
67 |             const different = compileDeclaration({ version: 3, ...data, ...change });
68 |             expect((await futureImprovementTemplate(controller, different)).plan).toEqual(different);
                                                                                       ^
error: expect(received).toEqual(expected)

@@ -115,11 +115,33 @@
    "loop": {
      "repeatCandidate": "stop",
      "repeatedOutcomeWarning": 3,
    },
    "name": "A bounded total",
-   "plan_sha256": "ecb0a304eb59942f2833474de9fba8b3881e2199fc86af5c7aa3a202cface782",
+   "plan_sha256": "7e3c617fa6b613a4bfc211b19560b3512d5bb38444bd60ee9c2f58fae1d8bffc",
+   "playbook": {
+     "adoption": {
+       "action": "promote",
+       "actor": "Synthetic selection fixture",
+       "appliesTo": "future-plans-only",
+       "at": "2026-09-29T15:20:20.870Z",
+       "evidenceRevision": "bbbbbbbbbbbbbbbbbbbbbbbbbbbbbbbbbbbbbbbbbbbbbbbbbbbbbbbbbbbbbbbb",
+       "executionApproved": false,
+       "experimentSha256": "bd7ad2d5248d98458a29cb0af76a7daa78b0ebea0b0069ae93abcedd0bcc6e16",
+       "note": "Tests future-template wiring only, not eligibility",
+       "previousDigest": null,
+       "previousRevision": "0000000000000000000000000000000000000000000000000000000000000000",
+       "repository": "https://github.com/OWNER/REPOSITORY.git",
+       "schema_version": "wringer.playbook-adoption.v1",
+       "selectedDigest": "aaaaaaaaaaaaaaaaaaaaaaaaaaaaaaaaaaaaaaaaaaaaaaaaaaaaaaaaaaaaaaaa",
+       "sha256": "1315ee13f47c36d45f293b9213d86ff005f715a6ac3bd276b677f5df7cdabc83",
+       "taskFamily": "reports",
+     },
+     "path": "guide.json",
+     "sha256": "aaaaaaaaaaaaaaaaaaaaaaaaaaaaaaaaaaaaaaaaaaaaaaaaaaaaaaaaaaaaaaaa",
+     "taskFamily": "reports",
+   },
    "repository": {
      "commit": "0000000000000000000000000000000000000000",
      "url": "https://github.com/OWNER/REPOSITORY.git",
    },
    "runtime": {

- Expected  - 1
+ Received  + 23

      at <anonymous> ([isolated-checkout]/packages/application/test/improvements.test.ts:68:83)
(fail) adoption changes only a future unapproved template; stale source and evidence downgrade cannot inherit it [340.06ms]

 0 pass
 1 fail
 15 expect() calls
Ran 1 test across 1 file. [508.00ms]
