2026-09-30T11:02:31.2770830Z Current runner version: '2.337.0'
2026-09-30T11:02:31.2806390Z ##[group]Runner Image Provisioner
2026-09-30T11:02:31.2807100Z Hosted Compute Agent
2026-09-30T11:02:31.2807620Z Version: 20260828.587
2026-09-30T11:02:31.2808090Z Commit: abac92662cab4cc7352de4f9f9d2e2419aad9c29
2026-09-30T11:02:31.2808570Z Build Date: 2026-08-28T16:44:25Z
2026-09-30T11:02:31.2809130Z Worker ID: {82ac9f47-441c-4c93-ac62-4dbd2005302f}
2026-09-30T11:02:31.2809600Z Azure Region: westus
2026-09-30T11:02:31.2810060Z ##[endgroup]
2026-09-30T11:02:31.2811600Z ##[group]Operating System
2026-09-30T11:02:31.2812130Z macOS
2026-09-30T11:02:31.2812470Z 26.6.2
2026-09-30T11:02:31.2867380Z 25G83
2026-09-30T11:02:31.2868120Z ##[endgroup]
2026-09-30T11:02:31.2868490Z ##[group]Runner Image
2026-09-30T11:02:31.2868890Z Image: macos-26-arm64
2026-09-30T11:02:31.2869260Z Version: 20260907.0351.1
2026-09-30T11:02:31.2870120Z Included Software: https://github.com/actions/runner-images/blob/macos-26-arm64/20260907.0351/images/macos/macos-26-arm64-Readme.md
2026-09-30T11:02:31.2872320Z Image Release: https://github.com/actions/runner-images/releases/tag/macos-26-arm64%2F20260907.0351
2026-09-30T11:02:31.2872980Z ##[endgroup]
2026-09-30T11:02:31.2874300Z ##[group]GITHUB_TOKEN Permissions
2026-09-30T11:02:31.2877180Z Contents: read
2026-09-30T11:02:31.2878250Z Metadata: read
2026-09-30T11:02:31.2879190Z ##[endgroup]
2026-09-30T11:02:31.2883510Z Secret source: Actions
2026-09-30T11:02:31.2885050Z Cache mode: write
2026-09-30T11:02:31.2886160Z Prepare workflow directory
2026-09-30T11:02:31.3208250Z Prepare all required actions
2026-09-30T11:02:31.3248100Z Getting action download info
2026-09-30T11:02:31.5196070Z Download action repository 'actions/checkout@v4' (SHA:11d5960a326750d5838078e36cf38b85af677262)
2026-09-30T11:02:31.8843870Z Download action repository 'oven-sh/setup-bun@v2' (SHA:0c5077e51419868618aeaa5fe8019c62421857d6)
2026-09-30T11:02:32.6507420Z Download action repository 'actions/setup-node@v4' (SHA:49933ea5288caeca8642d1e84afbd3f7d6820020)
2026-09-30T11:02:32.8777430Z Download action repository 'actions/upload-artifact@v4' (SHA:ea165f8d65b6e75b540449e92b4886f43607fa02)
2026-09-30T11:02:33.1565720Z Complete job name: Bun / macos-latest
2026-09-30T11:02:33.2206750Z ##[group]Run actions/checkout@v4
2026-09-30T11:02:33.2207660Z with:
2026-09-30T11:02:33.2208200Z   fetch-depth: 0
2026-09-30T11:02:33.2208820Z   repository: marcoakes/wringer
2026-09-30T11:02:33.2215490Z   token: ***
2026-09-30T11:02:33.2216160Z   ssh-strict: true
2026-09-30T11:02:33.2216830Z   ssh-user: git
2026-09-30T11:02:33.2217420Z   persist-credentials: true
2026-09-30T11:02:33.2218050Z   clean: true
2026-09-30T11:02:33.2218660Z   sparse-checkout-cone-mode: true
2026-09-30T11:02:33.2219390Z   fetch-tags: false
2026-09-30T11:02:33.2220050Z   show-progress: true
2026-09-30T11:02:33.2220700Z   lfs: false
2026-09-30T11:02:33.2221250Z   submodules: false
2026-09-30T11:02:33.2221850Z   set-safe-directory: true
2026-09-30T11:02:33.2222540Z   allow-unsafe-pr-checkout: false
2026-09-30T11:02:33.2223730Z ##[endgroup]
2026-09-30T11:02:33.6238480Z Syncing repository: marcoakes/wringer
2026-09-30T11:02:33.6240510Z ##[group]Getting Git version info
2026-09-30T11:02:33.6241740Z Working directory is '/Users/runner/work/wringer/wringer'
2026-09-30T11:02:33.6243800Z [command]/opt/homebrew/bin/git version
2026-09-30T11:02:33.6748690Z git version 2.55.0
2026-09-30T11:02:33.6764110Z ##[endgroup]
2026-09-30T11:02:33.6783510Z Copying '/Users/runner/.gitconfig' to '/Users/runner/work/_temp/ec689e82-e071-42e1-91a3-8e5f52e7a6f1/.gitconfig'
2026-09-30T11:02:33.6787000Z Temporarily overriding HOME='/Users/runner/work/_temp/ec689e82-e071-42e1-91a3-8e5f52e7a6f1' before making global git config changes
2026-09-30T11:02:33.6788830Z Adding repository directory to the temporary git global config as a safe directory
2026-09-30T11:02:33.6790410Z [command]/opt/homebrew/bin/git config --global --add safe.directory /Users/runner/work/wringer/wringer
2026-09-30T11:02:33.6893930Z Deleting the contents of '/Users/runner/work/wringer/wringer'
2026-09-30T11:02:33.6896900Z ##[group]Initializing the repository
2026-09-30T11:02:33.6901100Z [command]/opt/homebrew/bin/git init /Users/runner/work/wringer/wringer
2026-09-30T11:02:33.7114280Z hint: Using 'master' as the name for the initial branch. This default branch name
2026-09-30T11:02:33.7115920Z hint: will change to "main" in Git 3.0. To configure the initial branch name
2026-09-30T11:02:33.7117370Z hint: to use in all of your new repositories, which will suppress this warning,
2026-09-30T11:02:33.7118420Z hint: call:
2026-09-30T11:02:33.7118950Z hint:
2026-09-30T11:02:33.7119610Z hint: 	git config --global init.defaultBranch <name>
2026-09-30T11:02:33.7120390Z hint:
2026-09-30T11:02:33.7121120Z hint: Names commonly chosen instead of 'master' are 'main', 'trunk' and
2026-09-30T11:02:33.7122430Z hint: 'development'. The just-created branch can be renamed via this command:
2026-09-30T11:02:33.7123450Z hint:
2026-09-30T11:02:33.7123990Z hint: 	git branch -m <name>
2026-09-30T11:02:33.7124620Z hint:
2026-09-30T11:02:33.7125400Z hint: Disable this message with "git config set advice.defaultBranchName false"
2026-09-30T11:02:33.7126650Z Initialized empty Git repository in /Users/runner/work/wringer/wringer/.git/
2026-09-30T11:02:33.7129190Z [command]/opt/homebrew/bin/git remote add origin https://github.com/marcoakes/wringer
2026-09-30T11:02:33.7202180Z ##[endgroup]
2026-09-30T11:02:33.7204080Z ##[group]Disabling automatic garbage collection
2026-09-30T11:02:33.7205250Z [command]/opt/homebrew/bin/git config --local gc.auto 0
2026-09-30T11:02:33.7276220Z ##[endgroup]
2026-09-30T11:02:33.7277220Z ##[group]Setting up auth
2026-09-30T11:02:33.7281620Z [command]/opt/homebrew/bin/git config --local --name-only --get-regexp core\.sshCommand
2026-09-30T11:02:33.7352670Z [command]/opt/homebrew/bin/git submodule foreach --recursive sh -c "git config --local --name-only --get-regexp 'core\.sshCommand' && git config --local --unset-all 'core.sshCommand' || :"
2026-09-30T11:02:33.8349580Z [command]/opt/homebrew/bin/git config --local --name-only --get-regexp http\.https\:\/\/github\.com\/\.extraheader
2026-09-30T11:02:33.8409200Z [command]/opt/homebrew/bin/git submodule foreach --recursive sh -c "git config --local --name-only --get-regexp 'http\.https\:\/\/github\.com\/\.extraheader' && git config --local --unset-all 'http.https://github.com/.extraheader' || :"
2026-09-30T11:02:33.9188460Z [command]/opt/homebrew/bin/git config --local --name-only --get-regexp ^includeIf\.gitdir:
2026-09-30T11:02:33.9270740Z [command]/opt/homebrew/bin/git submodule foreach --recursive git config --local --show-origin --name-only --get-regexp remote.origin.url
2026-09-30T11:02:34.1659560Z [command]/opt/homebrew/bin/git config --local http.https://github.com/.extraheader AUTHORIZATION: basic ***
2026-09-30T11:02:34.1969930Z ##[endgroup]
2026-09-30T11:02:34.2065270Z ##[group]Fetching the repository
2026-09-30T11:02:34.2082790Z [command]/opt/homebrew/bin/git -c protocol.version=2 fetch --prune --no-recurse-submodules origin +refs/heads/*:refs/remotes/origin/* +refs/tags/*:refs/tags/*
2026-09-30T11:02:35.8874030Z From https://github.com/marcoakes/wringer
2026-09-30T11:02:35.8880860Z  * [new branch]      board/the-short-version -> origin/board/the-short-version
2026-09-30T11:02:35.8881610Z  * [new branch]      main                    -> origin/main
2026-09-30T11:02:35.8882290Z  * [new branch]      run-v0.2                -> origin/run-v0.2
2026-09-30T11:02:35.8882880Z  * [new branch]      wringer/20260809-133147-2c91 -> origin/wringer/20260809-133147-2c91
2026-09-30T11:02:35.8883360Z  * [new tag]         v0.1.0                  -> v0.1.0
2026-09-30T11:02:35.8883820Z  * [new tag]         v0.2.0                  -> v0.2.0
2026-09-30T11:02:35.8884220Z  * [new tag]         v0.3.0                  -> v0.3.0
2026-09-30T11:02:35.8884620Z  * [new tag]         v0.4.0                  -> v0.4.0
2026-09-30T11:02:35.8885060Z  * [new tag]         v0.4.1                  -> v0.4.1
2026-09-30T11:02:35.8885580Z  * [new tag]         v0.4.10                 -> v0.4.10
2026-09-30T11:02:35.8886620Z  * [new tag]         v0.4.11                 -> v0.4.11
2026-09-30T11:02:35.8886930Z  * [new tag]         v0.4.12                 -> v0.4.12
2026-09-30T11:02:35.8887370Z  * [new tag]         v0.4.2                  -> v0.4.2
2026-09-30T11:02:35.8887900Z  * [new tag]         v0.4.3                  -> v0.4.3
2026-09-30T11:02:35.8888410Z  * [new tag]         v0.4.4                  -> v0.4.4
2026-09-30T11:02:35.8888730Z  * [new tag]         v0.4.5                  -> v0.4.5
2026-09-30T11:02:35.8889220Z  * [new tag]         v0.4.6                  -> v0.4.6
2026-09-30T11:02:35.8889760Z  * [new tag]         v0.4.7                  -> v0.4.7
2026-09-30T11:02:35.8890120Z  * [new tag]         v0.4.8                  -> v0.4.8
2026-09-30T11:02:35.8890430Z  * [new tag]         v0.4.9                  -> v0.4.9
2026-09-30T11:02:35.8890780Z  * [new tag]         v0.5.0                  -> v0.5.0
2026-09-30T11:02:35.8891130Z  * [new tag]         v0.5.2                  -> v0.5.2
2026-09-30T11:02:35.8891520Z  * [new tag]         v0.5.3                  -> v0.5.3
2026-09-30T11:02:35.8904450Z  * [new tag]         v0.5.4                  -> v0.5.4
2026-09-30T11:02:35.8905450Z  * [new tag]         v0.5.5                  -> v0.5.5
2026-09-30T11:02:35.8906350Z  * [new tag]         v0.5.6                  -> v0.5.6
2026-09-30T11:02:35.8907350Z  * [new tag]         v0.5.7                  -> v0.5.7
2026-09-30T11:02:35.8908180Z  * [new tag]         v0.5.8                  -> v0.5.8
2026-09-30T11:02:35.8909130Z  * [new tag]         v0.6.0                  -> v0.6.0
2026-09-30T11:02:35.8910160Z  * [new tag]         v0.6.1                  -> v0.6.1
2026-09-30T11:02:35.8911090Z  * [new tag]         v0.6.2                  -> v0.6.2
2026-09-30T11:02:35.8911930Z  * [new tag]         v0.6.3                  -> v0.6.3
2026-09-30T11:02:35.8912780Z  * [new tag]         v0.6.4                  -> v0.6.4
2026-09-30T11:02:35.8913670Z  * [new tag]         v0.6.5                  -> v0.6.5
2026-09-30T11:02:35.8914530Z  * [new tag]         v0.6.6                  -> v0.6.6
2026-09-30T11:02:35.8915300Z  * [new tag]         v0.6.7                  -> v0.6.7
2026-09-30T11:02:35.8917910Z  * [new tag]         v0.7.0                  -> v0.7.0
2026-09-30T11:02:35.8918610Z  * [new tag]         v0.7.1                  -> v0.7.1
2026-09-30T11:02:35.8918960Z  * [new tag]         v0.7.2                  -> v0.7.2
2026-09-30T11:02:35.8919320Z  * [new tag]         v0.7.3                  -> v0.7.3
2026-09-30T11:02:35.8919790Z  * [new tag]         v0.7.4                  -> v0.7.4
2026-09-30T11:02:35.8920080Z  * [new tag]         v0.7.5                  -> v0.7.5
2026-09-30T11:02:35.8920390Z  * [new tag]         v0.8.0                  -> v0.8.0
2026-09-30T11:02:35.8920680Z  * [new tag]         v0.8.1                  -> v0.8.1
2026-09-30T11:02:35.8921040Z  * [new tag]         v0.8.10                 -> v0.8.10
2026-09-30T11:02:35.8921430Z  * [new tag]         v0.8.2                  -> v0.8.2
2026-09-30T11:02:35.8921770Z  * [new tag]         v0.8.3                  -> v0.8.3
2026-09-30T11:02:35.8922170Z  * [new tag]         v0.8.4                  -> v0.8.4
2026-09-30T11:02:35.8922530Z  * [new tag]         v0.8.5                  -> v0.8.5
2026-09-30T11:02:35.8922930Z  * [new tag]         v0.8.6                  -> v0.8.6
2026-09-30T11:02:35.8923290Z  * [new tag]         v0.8.8                  -> v0.8.8
2026-09-30T11:02:35.8923660Z  * [new tag]         v0.8.9                  -> v0.8.9
2026-09-30T11:02:35.8924050Z  * [new tag]         v0.9.0                  -> v0.9.0
2026-09-30T11:02:35.8924380Z  * [new tag]         v0.9.1                  -> v0.9.1
2026-09-30T11:02:35.8924780Z  * [new tag]         v0.9.10                 -> v0.9.10
2026-09-30T11:02:35.8925180Z  * [new tag]         v0.9.11                 -> v0.9.11
2026-09-30T11:02:35.8925550Z  * [new tag]         v0.9.2                  -> v0.9.2
2026-09-30T11:02:35.8925890Z  * [new tag]         v0.9.3                  -> v0.9.3
2026-09-30T11:02:35.8926180Z  * [new tag]         v0.9.4                  -> v0.9.4
2026-09-30T11:02:35.8926840Z  * [new tag]         v0.9.5                  -> v0.9.5
2026-09-30T11:02:35.8927210Z  * [new tag]         v0.9.6                  -> v0.9.6
2026-09-30T11:02:35.8927600Z  * [new tag]         v0.9.7                  -> v0.9.7
2026-09-30T11:02:35.8927880Z  * [new tag]         v0.9.8                  -> v0.9.8
2026-09-30T11:02:35.8928250Z  * [new tag]         v0.9.9                  -> v0.9.9
2026-09-30T11:02:35.8928680Z  * [new tag]         v1.0.0-alpha.20         -> v1.0.0-alpha.20
2026-09-30T11:02:35.8929170Z  * [new tag]         v1.0.0-alpha.21         -> v1.0.0-alpha.21
2026-09-30T11:02:35.8931120Z  * [new tag]         v1.0.0-alpha.22         -> v1.0.0-alpha.22
2026-09-30T11:02:35.8931490Z  * [new tag]         v1.0.0-alpha.23         -> v1.0.0-alpha.23
2026-09-30T11:02:35.8931830Z  * [new tag]         v1.0.0-alpha.24         -> v1.0.0-alpha.24
2026-09-30T11:02:35.8932150Z  * [new tag]         v1.0.0-alpha.25         -> v1.0.0-alpha.25
2026-09-30T11:02:35.8932610Z  * [new tag]         v1.0.0-alpha.26         -> v1.0.0-alpha.26
2026-09-30T11:02:35.8933000Z  * [new tag]         v1.0.0-alpha.27         -> v1.0.0-alpha.27
2026-09-30T11:02:35.8933390Z  * [new tag]         v1.0.0-alpha.28         -> v1.0.0-alpha.28
2026-09-30T11:02:35.8934850Z [command]/opt/homebrew/bin/git branch --list --remote origin/main
2026-09-30T11:02:35.9012180Z   origin/main
2026-09-30T11:02:35.9019050Z [command]/opt/homebrew/bin/git rev-parse refs/remotes/origin/main
2026-09-30T11:02:35.9085780Z ea15142786d4ae328d1576108589c5ddffd06204
2026-09-30T11:02:35.9090150Z ##[endgroup]
2026-09-30T11:02:35.9091470Z ##[group]Determining the checkout info
2026-09-30T11:02:35.9091950Z ##[endgroup]
2026-09-30T11:02:35.9093370Z [command]/opt/homebrew/bin/git sparse-checkout disable
2026-09-30T11:02:35.9187660Z [command]/opt/homebrew/bin/git config --local --unset-all extensions.worktreeConfig
2026-09-30T11:02:35.9286310Z ##[group]Checking out the ref
2026-09-30T11:02:35.9289030Z [command]/opt/homebrew/bin/git checkout --progress --force -B main refs/remotes/origin/main
2026-09-30T11:02:36.2040270Z Switched to a new branch 'main'
2026-09-30T11:02:36.2041600Z branch 'main' set up to track 'origin/main'.
2026-09-30T11:02:36.2048710Z ##[endgroup]
2026-09-30T11:02:36.2143560Z [command]/opt/homebrew/bin/git log -1 --format=%H
2026-09-30T11:02:36.2216420Z ea15142786d4ae328d1576108589c5ddffd06204
2026-09-30T11:02:36.2525080Z ##[group]Run oven-sh/setup-bun@v2
2026-09-30T11:02:36.2525440Z with:
2026-09-30T11:02:36.2525620Z   bun-version: 1.4.2
2026-09-30T11:02:36.2525820Z   no-cache: false
2026-09-30T11:02:36.2528250Z   token: ***
2026-09-30T11:02:36.2528470Z ##[endgroup]
2026-09-30T11:02:36.5161460Z Cache hit for: bun-q9QmESoiI7cwLvhPM7UOBEdVaSY=
2026-09-30T11:02:36.7459120Z Received 23912749 of 23912749 (100.0%), 123.3 MBs/sec
2026-09-30T11:02:36.7484580Z Cache Size: ~23 MB (23912749 B)
2026-09-30T11:02:36.7604650Z [command]/opt/homebrew/bin/gtar -xf /Users/runner/work/_temp/d7c4ab0b-f5b4-4796-b32c-b9c35c0359d0/cache.tzst -P -C /Users/runner/work/wringer/wringer --delay-directory-restore --use-compress-program unzstd
2026-09-30T11:02:36.9453090Z Cache restored successfully
2026-09-30T11:02:36.9463480Z [command]/Users/runner/.bun/bin/bun --revision
2026-09-30T11:02:36.9621440Z 1.4.2+744846f84
2026-09-30T11:02:36.9626380Z Using a cached version of Bun: 1.4.2+744846f84
2026-09-30T11:02:37.0013400Z ##[group]Run actions/setup-node@v4
2026-09-30T11:02:37.0013660Z with:
2026-09-30T11:02:37.0013820Z   node-version: 24
2026-09-30T11:02:37.0013990Z   always-auth: false
2026-09-30T11:02:37.0014180Z   check-latest: false
2026-09-30T11:02:37.0016150Z   token: ***
2026-09-30T11:02:37.0016320Z ##[endgroup]
2026-09-30T11:02:37.2179370Z Found in cache @ /Users/runner/hostedtoolcache/node/24.20.0/arm64
2026-09-30T11:02:37.2183760Z (node:1972) [DEP0040] DeprecationWarning: The `punycode` module is deprecated. Please use a userland alternative instead.
2026-09-30T11:02:37.2185130Z (Use `node --trace-deprecation ...` to show where the warning was created)
2026-09-30T11:02:37.2187350Z ##[group]Environment details
2026-09-30T11:02:37.7901920Z node: v24.20.0
2026-09-30T11:02:37.7991180Z npm: 11.19.0
2026-09-30T11:02:37.8000840Z yarn: 1.22.22
2026-09-30T11:02:37.8001910Z ##[endgroup]
2026-09-30T11:02:37.8111300Z ##[group]Run bun install --frozen-lockfile
2026-09-30T11:02:37.8111580Z ^[[36;1mbun install --frozen-lockfile^[[0m
2026-09-30T11:02:37.8158680Z shell: /bin/bash -e {0}
2026-09-30T11:02:37.8158890Z ##[endgroup]
2026-09-30T11:02:37.9397210Z bun install v1.4.2 (744846f84)
2026-09-30T11:02:38.2293550Z 
2026-09-30T11:02:38.2372230Z + @types/bun@1.4.1
2026-09-30T11:02:38.2395730Z + playwright@1.63.0
2026-09-30T11:02:38.2418150Z + typescript@5.9.3
2026-09-30T11:02:38.2446110Z + ajv@8.20.0
2026-09-30T11:02:38.2446660Z + ajv-formats@3.0.1
2026-09-30T11:02:38.2447180Z 
2026-09-30T11:02:38.2447490Z 14 packages installed [292.00ms]
2026-09-30T11:02:38.2517670Z ##[group]Run bun node_modules/playwright/cli.js install --with-deps chromium
2026-09-30T11:02:38.2518630Z ^[[36;1mbun node_modules/playwright/cli.js install --with-deps chromium^[[0m
2026-09-30T11:02:38.2558370Z shell: /bin/bash -e {0}
2026-09-30T11:02:38.2558580Z ##[endgroup]
2026-09-30T11:02:38.9283440Z Downloading Chrome for Testing 153.0.8010.12 (playwright chromium v1243) from https://cdn.playwright.dev/builds/cft/153.0.8010.12/mac-arm64/chrome-mac-arm64.zip
2026-09-30T11:02:39.8130870Z |                                                                                |   0% of 182.1 MiB
2026-09-30T11:02:40.6270630Z |■■■■■■■■                                                                        |  10% of 182.1 MiB
2026-09-30T11:02:40.9813340Z |■■■■■■■■■■■■■■■■                                                                |  20% of 182.1 MiB
2026-09-30T11:02:41.3068870Z |■■■■■■■■■■■■■■■■■■■■■■■■                                                        |  30% of 182.1 MiB
2026-09-30T11:02:41.6027880Z |■■■■■■■■■■■■■■■■■■■■■■■■■■■■■■■■                                                |  40% of 182.1 MiB
2026-09-30T11:02:41.9163320Z |■■■■■■■■■■■■■■■■■■■■■■■■■■■■■■■■■■■■■■■■                                        |  50% of 182.1 MiB
2026-09-30T11:02:42.2257690Z |■■■■■■■■■■■■■■■■■■■■■■■■■■■■■■■■■■■■■■■■■■■■■■■■                                |  60% of 182.1 MiB
2026-09-30T11:02:42.5315270Z |■■■■■■■■■■■■■■■■■■■■■■■■■■■■■■■■■■■■■■■■■■■■■■■■■■■■■■■■                        |  70% of 182.1 MiB
2026-09-30T11:02:42.8189120Z |■■■■■■■■■■■■■■■■■■■■■■■■■■■■■■■■■■■■■■■■■■■■■■■■■■■■■■■■■■■■■■■■                |  80% of 182.1 MiB
2026-09-30T11:02:43.1271230Z |■■■■■■■■■■■■■■■■■■■■■■■■■■■■■■■■■■■■■■■■■■■■■■■■■■■■■■■■■■■■■■■■■■■■■■■■        |  90% of 182.1 MiB
2026-09-30T11:02:43.4608570Z |■■■■■■■■■■■■■■■■■■■■■■■■■■■■■■■■■■■■■■■■■■■■■■■■■■■■■■■■■■■■■■■■■■■■■■■■■■■■■■■■| 100% of 182.1 MiB
2026-09-30T11:02:46.8686160Z Chrome for Testing 153.0.8010.12 (playwright chromium v1243) downloaded to /Users/runner/Library/Caches/ms-playwright/chromium-1243
2026-09-30T11:02:46.8701600Z Downloading FFmpeg (playwright ffmpeg v1011) from https://cdn.playwright.dev/dbazure/download/playwright/builds/ffmpeg/1011/ffmpeg-mac-arm64.zip
2026-09-30T11:02:47.3421930Z |                                                                                |   1% of 1 MiB
2026-09-30T11:02:47.3524410Z |■■■■■■■■                                                                        |  10% of 1 MiB
2026-09-30T11:02:47.3627510Z |■■■■■■■■■■■■■■■■                                                                |  26% of 1 MiB
2026-09-30T11:02:47.3727940Z |■■■■■■■■■■■■■■■■■■■■■■■■                                                        |  32% of 1 MiB
2026-09-30T11:02:47.3831700Z |■■■■■■■■■■■■■■■■■■■■■■■■■■■■■■■■                                                |  47% of 1 MiB
2026-09-30T11:02:47.3917470Z |■■■■■■■■■■■■■■■■■■■■■■■■■■■■■■■■■■■■■■■■                                        |  54% of 1 MiB
2026-09-30T11:02:47.3927600Z |■■■■■■■■■■■■■■■■■■■■■■■■■■■■■■■■■■■■■■■■■■■■■■■■                                |  60% of 1 MiB
2026-09-30T11:02:47.3928790Z |■■■■■■■■■■■■■■■■■■■■■■■■■■■■■■■■■■■■■■■■■■■■■■■■■■■■■■■■                        |  71% of 1 MiB
2026-09-30T11:02:47.3930880Z |■■■■■■■■■■■■■■■■■■■■■■■■■■■■■■■■■■■■■■■■■■■■■■■■■■■■■■■■■■■■■■■■■■■■■■■■■■■■■■■■| 100% of 1 MiB
2026-09-30T11:02:47.3932040Z FFmpeg (playwright ffmpeg v1011) downloaded to /Users/runner/Library/Caches/ms-playwright/ffmpeg-1011
2026-09-30T11:02:47.3933420Z Downloading Chrome Headless Shell 153.0.8010.12 (playwright chromium-headless-shell v1243) from https://cdn.playwright.dev/builds/cft/153.0.8010.12/mac-arm64/chrome-headless-shell-mac-arm64.zip
2026-09-30T11:02:48.0860730Z |                                                                                |   0% of 94.3 MiB
2026-09-30T11:02:48.7716830Z |■■■■■■■■                                                                        |  10% of 94.3 MiB
2026-09-30T11:02:48.9280620Z |■■■■■■■■■■■■■■■■                                                                |  20% of 94.3 MiB
2026-09-30T11:02:49.0908600Z |■■■■■■■■■■■■■■■■■■■■■■■■                                                        |  30% of 94.3 MiB
2026-09-30T11:02:49.2442820Z |■■■■■■■■■■■■■■■■■■■■■■■■■■■■■■■■                                                |  40% of 94.3 MiB
2026-09-30T11:02:49.4555370Z |■■■■■■■■■■■■■■■■■■■■■■■■■■■■■■■■■■■■■■■■                                        |  50% of 94.3 MiB
2026-09-30T11:02:49.6151280Z |■■■■■■■■■■■■■■■■■■■■■■■■■■■■■■■■■■■■■■■■■■■■■■■■                                |  60% of 94.3 MiB
2026-09-30T11:02:49.7712510Z |■■■■■■■■■■■■■■■■■■■■■■■■■■■■■■■■■■■■■■■■■■■■■■■■■■■■■■■■                        |  70% of 94.3 MiB
2026-09-30T11:02:49.9305230Z |■■■■■■■■■■■■■■■■■■■■■■■■■■■■■■■■■■■■■■■■■■■■■■■■■■■■■■■■■■■■■■■■                |  80% of 94.3 MiB
2026-09-30T11:02:50.0936820Z |■■■■■■■■■■■■■■■■■■■■■■■■■■■■■■■■■■■■■■■■■■■■■■■■■■■■■■■■■■■■■■■■■■■■■■■■        |  90% of 94.3 MiB
2026-09-30T11:02:50.2472840Z |■■■■■■■■■■■■■■■■■■■■■■■■■■■■■■■■■■■■■■■■■■■■■■■■■■■■■■■■■■■■■■■■■■■■■■■■■■■■■■■■| 100% of 94.3 MiB
2026-09-30T11:02:51.7911000Z Chrome Headless Shell 153.0.8010.12 (playwright chromium-headless-shell v1243) downloaded to /Users/runner/Library/Caches/ms-playwright/chromium_headless_shell-1243
2026-09-30T11:02:51.8033310Z ##[group]Run bun run validate --group core
2026-09-30T11:02:51.8033850Z ^[[36;1mbun run validate --group core^[[0m
2026-09-30T11:02:51.8076440Z shell: /bin/bash -e {0}
2026-09-30T11:02:51.8076640Z ##[endgroup]
2026-09-30T11:02:51.8845150Z $ bun scripts/validate.ts --group core
2026-09-30T11:02:51.9315090Z Checking workspace-links…
2026-09-30T11:02:51.9521910Z workspace-links: PASS (18 ms)
2026-09-30T11:02:51.9524490Z Checking standalone-build…
2026-09-30T11:02:54.2250250Z standalone-build: PASS (2271 ms)
2026-09-30T11:02:54.2251450Z Checking native-confirmation-build…
2026-09-30T11:03:09.1013810Z native-confirmation-build: PASS (14876 ms)
2026-09-30T11:03:09.1016890Z Checking native-confirmation-probe…
2026-09-30T11:03:09.4419710Z native-confirmation-probe: PASS (313 ms)
2026-09-30T11:03:09.4420670Z Checking assistant-check…
2026-09-30T11:04:15.1835720Z assistant-check: PASS (65739 ms)
2026-09-30T11:04:15.1929290Z Checking native-check…
2026-09-30T11:24:15.4259410Z native-check: FAIL (1200234 ms)
2026-09-30T11:24:15.4287480Z leteness is measured against the .wringer.yaml this bundle carries. A check the repository never declared cannot be missing from it, and a gate declared later does not make this bundle incomplete.","A deliberately narrow run stays exit 0. This record is the only place that says what the pass covered."]},"orchestration":{"schema_version":"wringer.orchestration.v1","outcome":"not-declared","setup":[],"services":[],"phases":[],"teardown":[],"reason":"This repository declares no setup, services, phases or teardown.","limits":["A setup or service failure before readiness is an environment outcome, not a product result: no gate was asked a question, and exit 2 says so.","Nothing under setup: or services: is retried. A retry could repeat a paid call or an external write, and that is the project's decision to make explicitly.","Cancellation and teardown signal only the process groups this run started, by the leader pid it holds. No other pgid is signalled.","A readiness answer establishes that the declared URL answered as declared. It does not establish that the service is correct, or that it will still answer later.","Teardown always runs, including after a failed gate and after a cancelled run. A teardown command that itself fails is recorded and does not rewrite the run's outcome."]},"results":[{"gate_id":"unit","command":"test 2 -eq 2","exit_code":0,"duration_ms":5,"timed_out":false,"stdout_truncated":false,"stderr_truncated":false,"optional":false,"status":"passed"}]}
2026-09-30T11:24:15.4304130Z 
2026-09-30T11:24:15.4307520Z ::wringer-c2e4b9dd-25a1-4a4e-a497-24de6dd84871::
2026-09-30T11:24:15.4480980Z ::stop-commands::***
2026-09-30T11:24:15.4482560Z error: script "validate" exited with code 1
2026-09-30T11:24:15.4507970Z {"status":"failed","failed_gate":"other","rerun":"wring verify --gate other","evidence_dir":".wringer/runs/all","template_only":false,"exit_code":1,"manifest":{"schema_version":"wringer.evidence.v1","run_id":"20260930-110629-3d73ebd3","started_at":"2026-09-30T11:06:29.900Z","repo":{"root":".","head_sha":"098db1d250eee06c71958dca40eb3ecf25294a92","branch":"main","dirty":false},"result":{"status":"failed","failed_gate":"other"}},"selection":{"schema_version":"wringer.selection.v3","run_id":"20260930-110629-3d73ebd3","head_sha":"098db1d250eee06c71958dca40eb3ecf25294a92","config_sha256":"22f6b7b2afc80e72542ccbf21c2030af8f463cf5d70ec741ea1ec133a6528458","declared":["unit","other"],"required":["unit","other"],"selected":null,"executed":["unit","other"],"passed":["unit"],"failed":["other"],"missing_required":[],"complete":true,"phases":[],"strict":{"before":"89f97c47d57c441228e754b508baa0b83431a6fd1217e70e00f29b99c158a9da","after":"89f97c47d57c441228e754b508baa0b83431a6fd1217e70e00f29b99c158a9da","changed_tracked":[],"permitted_ignored":1,"exact_source":true,"reason":"Strict: no tracked file changed while the checks ran; 1 ignored path(s) are present, which is permitted build output. This result describes the commit under review."},"reason":"Complete: all 2 required checks ran.","limits":["`complete` is about execution and never about outcome: a run in which every required check ran and one of them failed is complete and failed. Read it beside result.status, never instead of it.","Completeness is measured against the .wringer.yaml this bundle carries. A check the repository never declared cannot be missing from it, and a gate declared later does not make this bundle incomplete.","A deliberately narrow run stays exit 0. This record is the only place that says what the pass covered."]},"orchestration":{"schema_version":"wringer.orchestration.v1","outcome":"not-declared","setup":[],"services":[],"phases":[],"teardown":[],"reason":"This repository declares no setup, services, phases or teardown.","limits":["A setup or service failure before readiness is an environment outcome, not a product result: no gate was asked a question, and exit 2 says so.","Nothing under setup: or services: is retried. A retry could repeat a paid call or an external write, and that is the project's decision to make explicitly.","Cancellation and teardown signal only the process groups this run started, by the leader pid it holds. No other pgid is signalled.","A readiness answer establishes that the declared URL answered as declared. It does not establish that the service is correct, or that it will still answer later.","Teardown always runs, including after a failed gate and after a cancelled run. A teardown command that itself fails is recorded and does not rewrite the run's outcome."]},"results":[{"gate_id":"unit","command":"test 2 -eq 2","exit_code":0,"duration_ms":4,"timed_out":false,"stdout_truncated":false,"stderr_truncated":false,"optional":false,"status":"passed"},{"gate_id":"other","command":"exit 1","exit_code":1,"duration_ms":4,"timed_out":false,"stdout_truncated":false,"stderr_truncated":false,"optional":false,"status":"failed"}],"vacuity":{"schema_version":"wringer.vacuity.v1","verdict":"not_applicable","reason":"No changed tree was available to compare.","worktree_ms":0,"prove_ms":0,"setup":null,"gates":[]}}
2026-09-30T11:24:15.4529550Z 
2026-09-30T11:24:15.4530330Z ::***::
2026-09-30T11:24:15.4531920Z d private transport [2693.82ms]
2026-09-30T11:24:15.4532890Z (pass) assistant selects the approved overlay without replacing base profile or borrowing old approval [2805.86ms]
2026-09-30T11:24:15.4533450Z 
2026-09-30T11:24:15.4538800Z ##[endgroup]
2026-09-30T11:24:15.4539020Z 
2026-09-30T11:24:15.4539470Z ##[group]packages/application/test/graph.test.ts:
2026-09-30T11:24:15.4540370Z (pass) a serial graph runs contained children, a fresh check, an exact review and a separate Send [33310.88ms]
2026-09-30T11:24:15.4541220Z (pass) observing an unstarted loop is uncertain and never starts its child [2182.64ms]
2026-09-30T11:24:15.4542130Z (pass) a missing container runtime refuses before dispatch and leaves the loop reserved [1946.95ms]
2026-09-30T11:24:15.4543000Z (pass) a check refuses a candidate its owner journal does not hold [5439.24ms]
2026-09-30T11:24:15.4543840Z (pass) a candidate that changed an acceptance input cannot seed a derived child [4081.55ms]
2026-09-30T11:24:15.4544780Z (pass) delivery to a non-bare local origin is refused before preparation is recorded [5657.67ms]
2026-09-30T11:24:15.4545680Z (pass) a Send to an absent target branch is refused before the Send is recorded [16570.32ms]
2026-09-30T11:24:15.4546770Z (pass) a Send over an existing different review branch is refused before the Send is recorded [16571.90ms]
2026-09-30T11:24:15.4547850Z (pass) a lost Send confirmation reconciles from the remote branch without a second push [26933.95ms]
2026-09-30T11:24:15.4548330Z 
2026-09-30T11:24:15.4548720Z ##[endgroup]
2026-09-30T11:24:15.4548900Z 
2026-09-30T11:24:15.4549260Z ##[group]packages/application/test/graph-parallel.test.ts:
2026-09-30T11:24:15.4550380Z (pass) two independent branches integrate, pass fresh checks against both plans and publish the graph's own evidence [20130.97ms]
2026-09-30T11:24:15.4553090Z (pass) a clean merge that breaks a shared rule is a failed join, routed to a hold, never delivered [9012.17ms]
2026-09-30T11:24:15.4554040Z (pass) overlapping edits are a conflict with no merged candidate [7274.14ms]
2026-09-30T11:24:15.4554810Z (pass) a join refuses Git older than 2.38 before dispatch and stays reserved [9144.73ms]
2026-09-30T11:24:15.4555650Z (pass) integration is deterministic whatever the branch ceiling [17906.69ms]
2026-09-30T11:24:15.4556580Z (pass) a branch's child starts from the fork's source and never holds the other branch's candidate [8595.24ms]
2026-09-30T11:24:15.4557060Z 
2026-09-30T11:24:15.4557400Z ##[endgroup]
2026-09-30T11:24:15.4557570Z 
2026-09-30T11:24:15.4558070Z ##[group]packages/application/test/assistant-local-source.test.ts:
2026-09-30T11:24:15.4558880Z (pass) init verifies the prepared pair and privately keeps exactly the verified bytes [3092.23ms]
2026-09-30T11:24:15.4559910Z (pass) init refuses a missing, changed, stale, foreign or wrong-root pair and creates no controller [7563.89ms]
2026-09-30T11:24:15.4560410Z 
2026-09-30T11:24:15.4560760Z ##[endgroup]
2026-09-30T11:24:15.4560870Z 
2026-09-30T11:24:15.4561400Z ##[group]packages/application/test/acceptance-preparation.test.ts:
2026-09-30T11:24:15.4562440Z (pass) reviewed inert acceptance preparation freezes new tests without running them or editing the user's source [5161.68ms]
2026-09-30T11:24:15.4563570Z (pass) acceptance preparation refuses traversal, overwrite, changed preview and source without execution [322.14ms]
2026-09-30T11:24:15.4564020Z 
2026-09-30T11:24:15.4564380Z ##[endgroup]
2026-09-30T11:24:15.4564540Z 
2026-09-30T11:24:15.4564910Z ##[group]packages/application/test/adoption-records.test.ts:
2026-09-30T11:24:15.4595540Z (pass) new durable records refuse malformed writes before allocating files [0.61ms]
2026-09-30T11:24:15.4596250Z (pass) valid content hash does not bless a malformed retained record [3.47ms]
2026-09-30T11:24:15.4596990Z (pass) legacy record envelope semantics remain unchanged [2.38ms]
2026-09-30T11:24:15.4597290Z 
2026-09-30T11:24:15.4597610Z ##[endgroup]
2026-09-30T11:24:15.4597730Z 
2026-09-30T11:24:15.4598050Z ##[group]packages/application/test/journey-patterns.test.ts:
2026-09-30T11:24:15.4598900Z (pass) ordinary histories retain repaired failures once and omit private narratives and expected baseline red [2.51ms]
2026-09-30T11:24:15.4600020Z (pass) comparable normal jobs group across distinct journal revisions while source and repository changes do not mix [1.95ms]
2026-09-30T11:24:15.4600950Z (pass) empty human hold is not negative feedback and uncertain reservations remain observed [0.32ms]
2026-09-30T11:24:15.4601890Z (pass) explicit directory selection rejects research ancestors, duplicate paths and nonprivate/symlink states [5.10ms]
2026-09-30T11:24:15.4603070Z (pass) actual retained stopped job reads offline without provider/runtime calls or current credential lookup [21.76ms]
2026-09-30T11:24:15.4604160Z (pass) moved research controller refuses by retained purpose and independently by experiment authority [24.48ms]
2026-09-30T11:24:15.4604700Z 
2026-09-30T11:24:15.4604990Z ##[endgroup]
2026-09-30T11:24:15.4605190Z 
2026-09-30T11:24:15.4605600Z ##[group]packages/application/test/standalone-review.test.ts:
2026-09-30T11:24:15.4606420Z (pass) T09 acceptance records no invented note and multiple criteria share the exact shown source [838.76ms]
2026-09-30T11:24:15.4607470Z (pass) T09 a stale second display makes a whole review batch refuse without a partial judgement [862.89ms]
2026-09-30T11:24:15.4608400Z (pass) T09 a correction can be replaced by acceptance after renewed inspection [1192.29ms]
2026-09-30T11:24:15.4608800Z 
2026-09-30T11:24:15.4609110Z ##[endgroup]
2026-09-30T11:24:15.4609260Z 
2026-09-30T11:24:15.4609650Z ##[group]packages/application/test/provider-readiness.test.ts:
2026-09-30T11:24:15.4610460Z (pass) provider diagnostic uses fixed metadata GET and does not expose keys or response bodies [1.58ms]
2026-09-30T11:24:15.4612350Z (pass) missing, rejected, restricted and unreachable credentials are distinct without retries [0.35ms]
2026-09-30T11:24:15.4613040Z 
2026-09-30T11:24:15.4613360Z ##[endgroup]
2026-09-30T11:24:15.4613510Z 
2026-09-30T11:24:15.4613880Z ##[group]packages/application/test/gvisor-provisioning.test.ts:
2026-09-30T11:24:15.4614760Z (pass) T21 a gVisor installation preview owns a fresh namespace and shows runsc, policy and secret prerequisites [0.62ms]
2026-09-30T11:24:15.4615710Z (pass) T21 ordinary cluster runtime refuses before namespace creation; no secret values are requested [13.65ms]
2026-09-30T11:24:15.4616580Z (pass) T21 partial installation resumes by exact read-back, never replacing foreign objects [38.60ms]
2026-09-30T11:24:15.4616970Z 
2026-09-30T11:24:15.4617420Z ##[endgroup]
2026-09-30T11:24:15.4617530Z 
2026-09-30T11:24:15.4617820Z ##[group]packages/application/test/graph-git-compat.test.ts:
2026-09-30T11:24:15.4618360Z (pass) the installed Git version selects how a join merges [0.11ms]
2026-09-30T11:24:15.4619000Z (pass) both merge modes write the same tree and report the same conflict [1126.48ms]
2026-09-30T11:24:15.4619740Z (pass) older Git refuses candidates that do not meet exactly at the fork's source [627.30ms]
2026-09-30T11:24:15.4620120Z 
2026-09-30T11:24:15.4620320Z ##[endgroup]
2026-09-30T11:24:15.4620430Z 
2026-09-30T11:24:15.4620720Z ##[group]packages/application/test/commands-delivery.test.ts:
2026-09-30T11:24:15.4621330Z error: script "check" was terminated by signal SIGTERM (Polite quit request)
2026-09-30T11:24:15.4621640Z 
2026-09-30T11:24:15.4622150Z Validation record: /Users/runner/work/wringer/wringer/.wringer/native-validation-2026-09-30T11-02-51-926Z
2026-09-30T11:24:15.4648990Z ##[error]Process completed with exit code 1.
2026-09-30T11:24:15.4840460Z ##[group]Run actions/upload-artifact@v4
2026-09-30T11:24:15.4840750Z with:
2026-09-30T11:24:15.4840910Z   name: evidence-macos-latest
2026-09-30T11:24:15.4842650Z   path: .wringer/native-validation-*/
.wringer/native-distribution-*/result.json
.wringer/contained-distribution-*/result.json
.wringer/contained-distribution-*/transcript.json
.wringer/assistant-smoke-*/result.json
.wringer/assistant-smoke-*/transcript.json
.wringer/local-source-route-*/result.json
.wringer/local-source-route-*/transcript.json
.wringer/native-demo-*/result.json
.wringer/native-demo-*/transcript.md
build/validated-examples/result.json
build/loop-inspection-*/transcript.json
build/evidence-export-*/transcript.json
build/job-improvements-*/transcript.json

2026-09-30T11:24:15.4844500Z   if-no-files-found: error
2026-09-30T11:24:15.4844690Z   include-hidden-files: true
2026-09-30T11:24:15.4844870Z   compression-level: 6
2026-09-30T11:24:15.4845030Z   overwrite: false
2026-09-30T11:24:15.4845210Z ##[endgroup]
2026-09-30T11:24:16.2298750Z (node:72482) [DEP0040] DeprecationWarning: The `punycode` module is deprecated. Please use a userland alternative instead.
2026-09-30T11:24:16.2300090Z (Use `node --trace-deprecation ...` to show where the warning was created)
2026-09-30T11:24:16.2428520Z Multiple search paths detected. Calculating the least common ancestor of all paths
2026-09-30T11:24:16.2431000Z The least common ancestor is /Users/runner/work/wringer/wringer. This will be the root directory of the artifact
2026-09-30T11:24:16.2432610Z With the provided path, there will be 13 files uploaded
2026-09-30T11:24:16.2438200Z Artifact name is valid!
2026-09-30T11:24:16.2439070Z Root directory input is valid!
2026-09-30T11:24:16.4637980Z Beginning upload of artifact content to blob storage
2026-09-30T11:24:16.5395530Z (node:72482) [DEP0169] DeprecationWarning: `url.parse()` behavior is not standardized and prone to errors that have security implications. Use the WHATWG URL API instead. CVEs are not issued for `url.parse()` vulnerabilities.
2026-09-30T11:24:16.5744260Z Uploaded bytes 54099
2026-09-30T11:24:16.5909310Z Finished uploading artifact content to blob storage!
2026-09-30T11:24:16.5915770Z SHA256 digest of uploaded artifact zip is fdda0e315e0ce823ec1d2f01f3bee3a6025c378fd4cc75c9478074fab447d084
2026-09-30T11:24:16.5917300Z Finalizing artifact upload
2026-09-30T11:24:16.8216310Z Artifact evidence-macos-latest.zip successfully finalized. Artifact ID 11091944941
2026-09-30T11:24:16.8218770Z Artifact evidence-macos-latest has been successfully uploaded! Final size is 54099 bytes. Artifact ID is 11091944941
2026-09-30T11:24:16.8228600Z Artifact download URL: https://github.com/marcoakes/wringer/actions/runs/36706064320/artifacts/11091944941
2026-09-30T11:24:16.8444830Z Post job cleanup.
2026-09-30T11:24:17.0038560Z [command]/opt/homebrew/bin/git version
2026-09-30T11:24:17.0162480Z git version 2.55.0
2026-09-30T11:24:17.0204910Z Copying '/Users/runner/.gitconfig' to '/Users/runner/work/_temp/22be1428-eb3b-4b86-bef2-cb5b6bf25c47/.gitconfig'
2026-09-30T11:24:17.0217010Z Temporarily overriding HOME='/Users/runner/work/_temp/22be1428-eb3b-4b86-bef2-cb5b6bf25c47' before making global git config changes
2026-09-30T11:24:17.0219390Z Adding repository directory to the temporary git global config as a safe directory
2026-09-30T11:24:17.0225430Z [command]/opt/homebrew/bin/git config --global --add safe.directory /Users/runner/work/wringer/wringer
2026-09-30T11:24:17.0334650Z [command]/opt/homebrew/bin/git config --local --name-only --get-regexp core\.sshCommand
2026-09-30T11:24:17.0426760Z [command]/opt/homebrew/bin/git submodule foreach --recursive sh -c "git config --local --name-only --get-regexp 'core\.sshCommand' && git config --local --unset-all 'core.sshCommand' || :"
2026-09-30T11:24:17.1873150Z [command]/opt/homebrew/bin/git config --local --name-only --get-regexp http\.https\:\/\/github\.com\/\.extraheader
2026-09-30T11:24:17.1982650Z http.https://github.com/.extraheader
2026-09-30T11:24:17.1999970Z [command]/opt/homebrew/bin/git config --local --unset-all http.https://github.com/.extraheader
2026-09-30T11:24:17.2118800Z [command]/opt/homebrew/bin/git submodule foreach --recursive sh -c "git config --local --name-only --get-regexp 'http\.https\:\/\/github\.com\/\.extraheader' && git config --local --unset-all 'http.https://github.com/.extraheader' || :"
2026-09-30T11:24:17.3607320Z [command]/opt/homebrew/bin/git config --local --name-only --get-regexp ^includeIf\.gitdir:
2026-09-30T11:24:17.3677740Z [command]/opt/homebrew/bin/git submodule foreach --recursive git config --local --show-origin --name-only --get-regexp remote.origin.url
2026-09-30T11:24:17.4999890Z Cleaning up orphan processes
2026-09-30T11:24:20.0107960Z ##[warning]Node.js 20 is deprecated. The following actions target Node.js 20 but are being forced to run on Node.js 24: actions/checkout@v4, actions/setup-node@v4, actions/upload-artifact@v4. For more information see: https://github.blog/changelog/2025-09-19-deprecation-of-node-20-on-github-actions-runners/
