bun test v1.4.2 (744846f84)

packages/application/test/graph-delegate.test.ts:
4 | import { createHash } from "node:crypto";
5 | import { readFile, readdir, lstat, realpath } from "node:fs/promises";
6 | import { resolve, join, sep } from "node:path";
7 | import { pathToFileURL } from "node:url";
8 | const digest = bytes => createHash("sha256").update(bytes).digest("hex");
9 | const insist = (ok, message) => { if (!ok) throw new Error(message); };
                                                         ^
error: Unsupported graph export index
      at insist ([checkout]/examples/evidence/read-bundle.mjs:9:54)
      at inspectGraph ([checkout]/examples/evidence/read-bundle.mjs:97:5)
      at async exportContainedGraph ([checkout]/packages/application/src/graph.ts:524:11)
      at async prepareGraphDelivery ([checkout]/packages/application/src/graph.ts:243:15)
      at async dispatch ([checkout]/packages/application/src/graph.ts:362:51)
      at async advanceLocked ([checkout]/packages/scheduler/src/contained.ts:472:47)
      at async locked ([checkout]/packages/workflow/src/storage.ts:211:22)
(fail) a peer's returned patch is a candidate only after a fresh local check, and is delivered with the graph's evidence [3943.87ms]

 7 pass
 1 fail
 52 expect() calls
Ran 8 tests across 1 file. [42.89s]
